/bg/leasePreset
	KEYWORD="クルマ, 自動車, 車種, オートリース, 仕様, スペック, 諸元, ランキング, 比較"
	ERRER="user"

http,/bg/leasePreset
	TITLE = "Car sagacité [カー サガシティ] 三菱オートリースの車種比較サイト"
	H1="気になるクルマをランキングから選んで比べよう! 三菱オートリースの車種比較サイト Car sagacité [カー サガシティ] では、ビジネスのクルマ選びをお手伝いします。"
	DESCRIPTION="気になるクルマをランキングから選んで比べよう! 三菱オートリースの車種比較サイト Car sagacité [カー サガシティ] では、ビジネスのクルマ選びをお手伝いします。"

https,/bg/leasePreset
	TITLE = "Car sagacité+ [カー サガシティ+] 三菱オートリースの車種比較サイト"
	H1="気になるクルマをランキングから選んで比べよう! 三菱オートリースの車種比較サイト Car sagacité+ [カー サガシティ+] では、ビジネスのクルマ選びをお手伝いします。"
	DESCRIPTION="気になるクルマをランキングから選んで比べよう! 三菱オートリースの車種比較サイト Car sagacité+ [カー サガシティ+] では、ビジネスのクルマ選びをお手伝いします。"



/bg/leasePreset/ps
	KEYWORD="クルマ, 自動車, 車種, オートリース, 仕様, スペック, 諸元, ランキング, 比較"
	ERRER="user"

http,/bg/leasePreset/ps
	TITLE = "Car sagacité [カー サガシティ] 三菱オートリースの車種比較サイト"
	H1="気になるクルマをランキングから選んで比べよう! 三菱オートリースの車種比較サイト Car sagacité [カー サガシティ] では、ビジネスのクルマ選びをお手伝いします。"
	DESCRIPTION="気になるクルマをランキングから選んで比べよう! 三菱オートリースの車種比較サイト Car sagacité [カー サガシティ] では、ビジネスのクルマ選びをお手伝いします。"

https,/bg/leasePreset/ps
	TITLE = "Car sagacité+ [カー サガシティ+] 三菱オートリースの車種比較サイト"
	H1="気になるクルマをランキングから選んで比べよう! 三菱オートリースの車種比較サイト Car sagacité+ [カー サガシティ+] では、ビジネスのクルマ選びをお手伝いします。"
	DESCRIPTION="気になるクルマをランキングから選んで比べよう! 三菱オートリースの車種比較サイト Car sagacité+ [カー サガシティ+] では、ビジネスのクルマ選びをお手伝いします。"



/bg/leasePreset/gl
	KEYWORD="クルマ, 自動車, 車種, オートリース, 仕様, スペック, 諸元, ランキング, 比較"
	ERRER="user"

http,/bg/leasePreset/gl
	TITLE = "Car sagacité [カー サガシティ] 三菱オートリースの車種比較サイト"
	H1="気になるクルマをランキングから選んで比べよう! 三菱オートリースの車種比較サイト Car sagacité [カー サガシティ] では、ビジネスのクルマ選びをお手伝いします。"
	DESCRIPTION="気になるクルマをランキングから選んで比べよう! 三菱オートリースの車種比較サイト Car sagacité [カー サガシティ] では、ビジネスのクルマ選びをお手伝いします。"

https,/bg/leasePreset/gl
	TITLE = "Car sagacité+ [カー サガシティ+] 三菱オートリースの車種比較サイト"
	H1="気になるクルマをランキングから選んで比べよう! 三菱オートリースの車種比較サイト Car sagacité+ [カー サガシティ+] では、ビジネスのクルマ選びをお手伝いします。"
	DESCRIPTION="気になるクルマをランキングから選んで比べよう! 三菱オートリースの車種比較サイト Car sagacité+ [カー サガシティ+] では、ビジネスのクルマ選びをお手伝いします。"
